// 重构日志: 9bcfa0d7
// 同步 ID: 2b617039 @ Fri Jul 24 05:32:49 UTC 2026
// 同步 ID: 4de24f22 @ Fri Jul 24 19:46:18 UTC 2026
// 重构日志: 759f73e8
// 重构日志: 8a874f46
// 同步 ID: 7879bd1a @ Sat Jul 25 13:21:04 UTC 2026
// 重构日志: ae4f1ad6
// 重构日志: d2030bd9
// 同步 ID: 3512a626 @ Sun Jul 26 12:36:29 UTC 2026
// 同步 ID: 87e1b0e8 @ Sun Jul 26 16:29:50 UTC 2026
// 同步 ID: e911257c @ Mon Jul 27 13:20:12 UTC 2026
// 重构日志: 5c968ccb
// 重构日志: 3ac3bea5
// 同步 ID: c4d26639 @ Tue Jul 28 10:26:28 UTC 2026
// 重构日志: 177bee63
// 重构日志: fdb7a231
// 重构日志: 6bd95be9
// 重构日志: e445937a
// 重构日志: 1dbaf5ff
// 重构日志: f3229cd1
// 同步 ID: f58add0c @ Thu Jul 30 15:15:34 UTC 2026
// 同步 ID: a413eeec @ Fri Jul 31 16:01:45 UTC 2026
// 同步 ID: 688a6c13 @ Sat Aug  1 12:05:11 UTC 2026
// 同步 ID: ce0b3aa0 @ Sun Aug  2 10:39:16 UTC 2026
// 同步 ID: e8230731 @ Sun Aug  2 23:13:41 UTC 2026
// 重构日志: f8e4645a
// 重构日志: 28fb58fb
// 同步 ID: 763e9f81 @ Tue Aug  4 15:28:10 UTC 2026
// 同步 ID: b1e6a8b2 @ Wed Aug  5 05:30:13 UTC 2026
// 同步 ID: 6a849c49 @ Wed Aug  5 13:54:27 UTC 2026
